// Jest Snapshot v1, https://goo.gl/fbAQLP

exports[`Component is correctly displayed 1`] = `
Object {
  "asFragment": [Function],
  "baseElement": <body>
    <div>
      <header
        class="shadow"
        id="App-header"
      >
        <div
          class="container-fluid"
        >
          <div
            class="row"
          >
            <div
              class="col-md-auto"
            >
              <a
                class="ButtonLink"
                href="/"
              >
                <img
                  alt="logo"
                  id="InseeLogo"
                  src="logo_com_externe_semi_bold.png"
                />
                <div
                  id="appVersion"
                >
                  0.1.3
                </div>
              </a>
            </div>
            <div
              class="col"
            >
              <div
                class="d-inline-flex classTest"
                id="headerButtonContainer"
              >
                <a
                  class="ButtonLink"
                  href="/followUp"
                >
                  <button
                    class="HeaderButton HeaderFocusableButton  btn btn-primary"
                    data-testid="follow-up"
                    type="button"
                  >
                    Follow up
                  </button>
                </a>
                <li
                  class="dropdown"
                  id="BtnSuivreParent"
                >
                  <button
                    class="HeaderButton HeaderFocusableButton dropdown-toggle  btn btn-primary"
                    data-toggle="dropdown"
                    id="FollowButton"
                    type="button"
                  >
                    Follow
                    <b
                      class="caret"
                    />
                  </button>
                </li>
                <a
                  class="ButtonLink"
                  href="/review"
                >
                  <button
                    class="HeaderButton HeaderFocusableButton  btn btn-primary"
                    data-testid="review"
                    type="button"
                  >
                    Review
                  </button>
                </a>
              </div>
            </div>
            <div
              class="col"
            >
              <div
                class="card"
                id="UserZone"
              >
                <div
                  class="card-title h5"
                >
                  Bienvenue 
                  Chloé
                   
                  Dupont
                </div>
                <div
                  class="mb-2 text-muted card-subtitle h6"
                >
                  8/20/2020
                </div>
                <div
                  class="UserZoneButtons"
                >
                  <div
                    class="row"
                  >
                    <div
                      class="col-8"
                    >
                      <button
                        class="HeaderButton btn btn-primary"
                        data-testid="preferences"
                        type="button"
                      >
                        My surveys
                      </button>
                    </div>
                    <div
                      class="col-4"
                    >
                      <div
                        class="HeaderDocLink Clickable"
                        role="link"
                        tabindex="0"
                      >
                        <i
                          class="fa fa-question-circle fa-2x"
                        />
                      </div>
                    </div>
                  </div>
                </div>
              </div>
            </div>
          </div>
        </div>
      </header>
      <div>
        <div
          data-testid="Redirect-url"
        >
          "/"
        </div>
      </div>
    </div>
  </body>,
  "container": <div>
    <header
      class="shadow"
      id="App-header"
    >
      <div
        class="container-fluid"
      >
        <div
          class="row"
        >
          <div
            class="col-md-auto"
          >
            <a
              class="ButtonLink"
              href="/"
            >
              <img
                alt="logo"
                id="InseeLogo"
                src="logo_com_externe_semi_bold.png"
              />
              <div
                id="appVersion"
              >
                0.1.3
              </div>
            </a>
          </div>
          <div
            class="col"
          >
            <div
              class="d-inline-flex classTest"
              id="headerButtonContainer"
            >
              <a
                class="ButtonLink"
                href="/followUp"
              >
                <button
                  class="HeaderButton HeaderFocusableButton  btn btn-primary"
                  data-testid="follow-up"
                  type="button"
                >
                  Follow up
                </button>
              </a>
              <li
                class="dropdown"
                id="BtnSuivreParent"
              >
                <button
                  class="HeaderButton HeaderFocusableButton dropdown-toggle  btn btn-primary"
                  data-toggle="dropdown"
                  id="FollowButton"
                  type="button"
                >
                  Follow
                  <b
                    class="caret"
                  />
                </button>
              </li>
              <a
                class="ButtonLink"
                href="/review"
              >
                <button
                  class="HeaderButton HeaderFocusableButton  btn btn-primary"
                  data-testid="review"
                  type="button"
                >
                  Review
                </button>
              </a>
            </div>
          </div>
          <div
            class="col"
          >
            <div
              class="card"
              id="UserZone"
            >
              <div
                class="card-title h5"
              >
                Bienvenue 
                Chloé
                 
                Dupont
              </div>
              <div
                class="mb-2 text-muted card-subtitle h6"
              >
                8/20/2020
              </div>
              <div
                class="UserZoneButtons"
              >
                <div
                  class="row"
                >
                  <div
                    class="col-8"
                  >
                    <button
                      class="HeaderButton btn btn-primary"
                      data-testid="preferences"
                      type="button"
                    >
                      My surveys
                    </button>
                  </div>
                  <div
                    class="col-4"
                  >
                    <div
                      class="HeaderDocLink Clickable"
                      role="link"
                      tabindex="0"
                    >
                      <i
                        class="fa fa-question-circle fa-2x"
                      />
                    </div>
                  </div>
                </div>
              </div>
            </div>
          </div>
        </div>
      </div>
    </header>
    <div>
      <div
        data-testid="Redirect-url"
      >
        "/"
      </div>
    </div>
  </div>,
  "debug": [Function],
  "findAllByAltText": [Function],
  "findAllByDisplayValue": [Function],
  "findAllByLabelText": [Function],
  "findAllByPlaceholderText": [Function],
  "findAllByRole": [Function],
  "findAllByTestId": [Function],
  "findAllByText": [Function],
  "findAllByTitle": [Function],
  "findByAltText": [Function],
  "findByDisplayValue": [Function],
  "findByLabelText": [Function],
  "findByPlaceholderText": [Function],
  "findByRole": [Function],
  "findByTestId": [Function],
  "findByText": [Function],
  "findByTitle": [Function],
  "getAllByAltText": [Function],
  "getAllByDisplayValue": [Function],
  "getAllByLabelText": [Function],
  "getAllByPlaceholderText": [Function],
  "getAllByRole": [Function],
  "getAllByTestId": [Function],
  "getAllByText": [Function],
  "getAllByTitle": [Function],
  "getByAltText": [Function],
  "getByDisplayValue": [Function],
  "getByLabelText": [Function],
  "getByPlaceholderText": [Function],
  "getByRole": [Function],
  "getByTestId": [Function],
  "getByText": [Function],
  "getByTitle": [Function],
  "queryAllByAltText": [Function],
  "queryAllByDisplayValue": [Function],
  "queryAllByLabelText": [Function],
  "queryAllByPlaceholderText": [Function],
  "queryAllByRole": [Function],
  "queryAllByTestId": [Function],
  "queryAllByText": [Function],
  "queryAllByTitle": [Function],
  "queryByAltText": [Function],
  "queryByDisplayValue": [Function],
  "queryByLabelText": [Function],
  "queryByPlaceholderText": [Function],
  "queryByRole": [Function],
  "queryByTestId": [Function],
  "queryByText": [Function],
  "queryByTitle": [Function],
  "rerender": [Function],
  "unmount": [Function],
}
`;
