// Jest Snapshot v1, https://goo.gl/fbAQLP

exports[`Component is correctly displayed 1`] = `
Object {
  "asFragment": [Function],
  "baseElement": <body>
    <div>
      <div
        id="Remind"
      >
        <div
          class="container-fluid"
        >
          <div
            class="row"
          >
            <div
              class="col"
            >
              <a
                class="ButtonLink"
                href="/"
              >
                <button
                  class="YellowButton ReturnButton btn btn-primary"
                  data-testid="return-button"
                  type="button"
                >
                  Back
                </button>
              </a>
            </div>
            <div
              class="col-6"
            >
              <div
                class="SurveyTitle"
              >
                Everyday life and health survey 2021
              </div>
            </div>
            <div
              class="col"
            >
              <form
                class=""
              >
                <div
                  class="form-group"
                >
                  <select
                    class="custom-select custom-select-sm"
                    data-testid="Survey_selector"
                    placeholder="Choose a survey"
                  >
                    <option
                      disabled=""
                      value="-1"
                    >
                      Choose a survey
                    </option>
                    <option
                      value="simpsons2020x00"
                    >
                      Survey on the Simpsons tv show 2020
                    </option>
                  </select>
                </div>
              </form>
            </div>
          </div>
        </div>
        <div
          class="ViewCard card"
        >
          <div
            class="card-title h5"
          >
            Page in development
          </div>
        </div>
      </div>
    </div>
  </body>,
  "container": <div>
    <div
      id="Remind"
    >
      <div
        class="container-fluid"
      >
        <div
          class="row"
        >
          <div
            class="col"
          >
            <a
              class="ButtonLink"
              href="/"
            >
              <button
                class="YellowButton ReturnButton btn btn-primary"
                data-testid="return-button"
                type="button"
              >
                Back
              </button>
            </a>
          </div>
          <div
            class="col-6"
          >
            <div
              class="SurveyTitle"
            >
              Everyday life and health survey 2021
            </div>
          </div>
          <div
            class="col"
          >
            <form
              class=""
            >
              <div
                class="form-group"
              >
                <select
                  class="custom-select custom-select-sm"
                  data-testid="Survey_selector"
                  placeholder="Choose a survey"
                >
                  <option
                    disabled=""
                    value="-1"
                  >
                    Choose a survey
                  </option>
                  <option
                    value="simpsons2020x00"
                  >
                    Survey on the Simpsons tv show 2020
                  </option>
                </select>
              </div>
            </form>
          </div>
        </div>
      </div>
      <div
        class="ViewCard card"
      >
        <div
          class="card-title h5"
        >
          Page in development
        </div>
      </div>
    </div>
  </div>,
  "debug": [Function],
  "findAllByAltText": [Function],
  "findAllByDisplayValue": [Function],
  "findAllByLabelText": [Function],
  "findAllByPlaceholderText": [Function],
  "findAllByRole": [Function],
  "findAllByTestId": [Function],
  "findAllByText": [Function],
  "findAllByTitle": [Function],
  "findByAltText": [Function],
  "findByDisplayValue": [Function],
  "findByLabelText": [Function],
  "findByPlaceholderText": [Function],
  "findByRole": [Function],
  "findByTestId": [Function],
  "findByText": [Function],
  "findByTitle": [Function],
  "getAllByAltText": [Function],
  "getAllByDisplayValue": [Function],
  "getAllByLabelText": [Function],
  "getAllByPlaceholderText": [Function],
  "getAllByRole": [Function],
  "getAllByTestId": [Function],
  "getAllByText": [Function],
  "getAllByTitle": [Function],
  "getByAltText": [Function],
  "getByDisplayValue": [Function],
  "getByLabelText": [Function],
  "getByPlaceholderText": [Function],
  "getByRole": [Function],
  "getByTestId": [Function],
  "getByText": [Function],
  "getByTitle": [Function],
  "queryAllByAltText": [Function],
  "queryAllByDisplayValue": [Function],
  "queryAllByLabelText": [Function],
  "queryAllByPlaceholderText": [Function],
  "queryAllByRole": [Function],
  "queryAllByTestId": [Function],
  "queryAllByText": [Function],
  "queryAllByTitle": [Function],
  "queryByAltText": [Function],
  "queryByDisplayValue": [Function],
  "queryByLabelText": [Function],
  "queryByPlaceholderText": [Function],
  "queryByRole": [Function],
  "queryByTestId": [Function],
  "queryByText": [Function],
  "queryByTitle": [Function],
  "rerender": [Function],
  "unmount": [Function],
}
`;
